<ul>
<li> 순서 없는 리스트 1번 항목</li>
<li> 2번 항목<ul>
<li> 중첩된 1번 항목<ul>
<li> 더 깊게 중첩된 항목</li>
<li> 중첩된 2번 항목</li>
</ul>
</li>
</ul>
</li>
<li> 3번 항목</li>
</ul>
<ol>
<li> 순서있는 리스트 1번</li>
<li> 2번 항목<ol>
<li> 중첩된 순서 있는 리스트</li>
<li> 항목 2<ul>
<li> 중첩된 순서 없는 리스트</li>
</ul>
</li>
</ol>
</li>
<li> 3번 항목</li>
</ol>
